// Jest Snapshot v1, https://goo.gl/fbAQLP

exports[`components | Tag it renders the component 1`] = `
<button
  className="tag"
  name="work"
  onClick={[MockFunction]}
>
  work
</button>
`;
